22:55:45 **** Incremental Build of configuration Debug for project LoRa_E5_Tx ****
make -j4 all 
arm-none-eabi-gcc "../LoRaWAN/App/app_lorawan.c" -mcpu=cortex-m4 -std=gnu11 -g3 -DDEBUG -DCORE_CM4 -DUSE_HAL_DRIVER -DSTM32WLE5xx -c -I../Core/Inc -I../Drivers/STM32WLxx_HAL_Driver/Inc -I../Drivers/STM32WLxx_HAL_Driver/Inc/Legacy -I../Drivers/CMSIS/Device/ST/STM32WLxx/Include -I../Drivers/CMSIS/Include -I../LoRaWAN/App -I../LoRaWAN/Target -I../Utilities/trace/adv_trace -I../Utilities/misc -I../Utilities/sequencer -I../Utilities/timer -I../Utilities/lpm/tiny_lpm -I../Middlewares/Third_Party/LoRaWAN/LmHandler/Packages -I../Middlewares/Third_Party/SubGHz_Phy -I../Middlewares/Third_Party/SubGHz_Phy/stm32_radio_driver -I../Middlewares/Third_Party/LoRaWAN/Crypto -I../Middlewares/Third_Party/LoRaWAN/Mac/Region -I../Middlewares/Third_Party/LoRaWAN/Mac -I../Middlewares/Third_Party/LoRaWAN/LmHandler -I../Middlewares/Third_Party/LoRaWAN/Utilities -O0 -ffunction-sections -fdata-sections -Wall -fstack-usage -MMD -MP -MF"LoRaWAN/App/app_lorawan.d" -MT"LoRaWAN/App/app_lorawan.o" --specs=nano.specs -mfloat-abi=soft -mthumb -o "LoRaWAN/App/app_lorawan.o"
../LoRaWAN/App/app_lorawan.c: In function 'MX_LoRaWAN_Process':
../LoRaWAN/App/app_lorawan.c:85:2: warning: implicit declaration of function 'SendTxData' [-Wimplicit-function-declaration]
   85 |  SendTxData();
      |  ^~~~~~~~~~
arm-none-eabi-g++ -o "LoRa_E5_Tx.elf" @"objects.list"   -mcpu=cortex-m4 -T"F:\Workspace\LoRaWAN\LoRa_E5_Tx\STM32WLE5JCIX_FLASH.ld" --specs=nosys.specs -Wl,-Map="LoRa_E5_Tx.map" -Wl,--gc-sections -static --specs=nano.specs -mfloat-abi=soft -mthumb -Wl,--start-group -lc -lm -lstdc++ -lsupc++ -Wl,--end-group
c:\st\stm32cubeide_1.7.0\stm32cubeide\plugins\com.st.stm32cube.ide.mcu.externaltools.gnu-tools-for-stm32.9-2020-q2-update.win32_2.0.0.202105311346\tools\arm-none-eabi\bin\ld.exe: ./LoRaWAN/App/app_lorawan.o: in function `MX_LoRaWAN_Process':
F:/Workspace/LoRaWAN/LoRa_E5_Tx/Debug/../LoRaWAN/App/app_lorawan.c:85: undefined reference to `SendTxData'
collect2.exe: error: ld returned 1 exit status
make: *** [makefile:93: LoRa_E5_Tx.elf] Error 1
"make -j4 all" terminated with exit code 2. Build might be incomplete.
22:57:01 **** Incremental Build of configuration Debug for project LoRa_E5_Tx ****
make -j4 all 
arm-none-eabi-gcc "../LoRaWAN/App/app_lorawan.c" -mcpu=cortex-m4 -std=gnu11 -g3 -DDEBUG -DCORE_CM4 -DUSE_HAL_DRIVER -DSTM32WLE5xx -c -I../Core/Inc -I../Drivers/STM32WLxx_HAL_Driver/Inc -I../Drivers/STM32WLxx_HAL_Driver/Inc/Legacy -I../Drivers/CMSIS/Device/ST/STM32WLxx/Include -I../Drivers/CMSIS/Include -I../LoRaWAN/App -I../LoRaWAN/Target -I../Utilities/trace/adv_trace -I../Utilities/misc -I../Utilities/sequencer -I../Utilities/timer -I../Utilities/lpm/tiny_lpm -I../Middlewares/Third_Party/LoRaWAN/LmHandler/Packages -I../Middlewares/Third_Party/SubGHz_Phy -I../Middlewares/Third_Party/SubGHz_Phy/stm32_radio_driver -I../Middlewares/Third_Party/LoRaWAN/Crypto -I../Middlewares/Third_Party/LoRaWAN/Mac/Region -I../Middlewares/Third_Party/LoRaWAN/Mac -I../Middlewares/Third_Party/LoRaWAN/LmHandler -I../Middlewares/Third_Party/LoRaWAN/Utilities -O0 -ffunction-sections -fdata-sections -Wall -fstack-usage -MMD -MP -MF"LoRaWAN/App/app_lorawan.d" -MT"LoRaWAN/App/app_lorawan.o" --specs=nano.specs -mfloat-abi=soft -mthumb -o "LoRaWAN/App/app_lorawan.o"
arm-none-eabi-g++ -o "LoRa_E5_Tx.elf" @"objects.list"   -mcpu=cortex-m4 -T"F:\Workspace\LoRaWAN\LoRa_E5_Tx\STM32WLE5JCIX_FLASH.ld" --specs=nosys.specs -Wl,-Map="LoRa_E5_Tx.map" -Wl,--gc-sections -static --specs=nano.specs -mfloat-abi=soft -mthumb -Wl,--start-group -lc -lm -lstdc++ -lsupc++ -Wl,--end-group
Finished building target: LoRa_E5_Tx.elf
 
arm-none-eabi-size   LoRa_E5_Tx.elf 
arm-none-eabi-objdump -h -S  LoRa_E5_Tx.elf  > "LoRa_E5_Tx.list"
arm-none-eabi-objcopy  -O binary  LoRa_E5_Tx.elf  "LoRa_E5_Tx.bin"
   text	   data	    bss	    dec	    hex	filename
 105932	    268	   7164	 113364	  1bad4	LoRa_E5_Tx.elf
Finished building: default.size.stdout
 
Finished building: LoRa_E5_Tx.bin
 
Finished building: LoRa_E5_Tx.list
 
23:06:05 **** Incremental Build of configuration Debug for project LoRa_E5_Tx ****
make -j4 all 
arm-none-eabi-size   LoRa_E5_Tx.elf 
   text	   data	    bss	    dec	    hex	filename
 105932	    268	   7164	 113364	  1bad4	LoRa_E5_Tx.elf
Finished building: default.size.stdout
 
23:08:52 **** Incremental Build of configuration Debug for project LoRa_E5_Tx ****
make -j4 all 
arm-none-eabi-size   LoRa_E5_Tx.elf 
   text	   data	    bss	    dec	    hex	filename
 105932	    268	   7164	 113364	  1bad4	LoRa_E5_Tx.elf
Finished building: default.size.stdout
 
23:09:08 **** Incremental Build of configuration Debug for project LoRa_E5_Tx ****
make -j4 all 
arm-none-eabi-size   LoRa_E5_Tx.elf 
   text	   data	    bss	    dec	    hex	filename
 105932	    268	   7164	 113364	  1bad4	LoRa_E5_Tx.elf
Finished building: default.size.stdout
 
23:10:11 **** Incremental Build of configuration Debug for project LoRa_E5_Tx ****
make -j4 all 
arm-none-eabi-size   LoRa_E5_Tx.elf 
   text	   data	    bss	    dec	    hex	filename
 105932	    268	   7164	 113364	  1bad4	LoRa_E5_Tx.elf
Finished building: default.size.stdout
 
23:10:33 **** Incremental Build of configuration Debug for project LoRa_E5_Tx ****
make -j4 all 
arm-none-eabi-size   LoRa_E5_Tx.elf 
   text	   data	    bss	    dec	    hex	filename
 105932	    268	   7164	 113364	  1bad4	LoRa_E5_Tx.elf
Finished building: default.size.stdout
 
23:10:56 **** Incremental Build of configuration Debug for project LoRa_E5_Tx ****
make -j4 all 
arm-none-eabi-size   LoRa_E5_Tx.elf 
   text	   data	    bss	    dec	    hex	filename
 105932	    268	   7164	 113364	  1bad4	LoRa_E5_Tx.elf
Finished building: default.size.stdout
 
23:11:52 **** Incremental Build of configuration Debug for project LoRa_E5_Tx ****
make -j4 all 
arm-none-eabi-size   LoRa_E5_Tx.elf 
   text	   data	    bss	    dec	    hex	filename
 105932	    268	   7164	 113364	  1bad4	LoRa_E5_Tx.elf
Finished building: default.size.stdout
 
23:23:07 **** Incremental Build of configuration Debug for project LoRa_E5_Tx ****
make -j4 all 
arm-none-eabi-size   LoRa_E5_Tx.elf 
   text	   data	    bss	    dec	    hex	filename
 105932	    268	   7164	 113364	  1bad4	LoRa_E5_Tx.elf
Finished building: default.size.stdout
 
