15:45:47 **** Incremental Build of configuration Debug for project LoRa_E5_GPIO ****
make -j4 all 
arm-none-eabi-gcc "../Core/Src/main.c" -mcpu=cortex-m4 -std=gnu11 -g3 -DDEBUG -DCORE_CM4 -DUSE_HAL_DRIVER -DSTM32WLE5xx -c -I../Core/Inc -I../Drivers/STM32WLxx_HAL_Driver/Inc -I../Drivers/STM32WLxx_HAL_Driver/Inc/Legacy -I../Drivers/CMSIS/Device/ST/STM32WLxx/Include -I../Drivers/CMSIS/Include -O0 -ffunction-sections -fdata-sections -Wall -fstack-usage -MMD -MP -MF"Core/Src/main.d" -MT"Core/Src/main.o" --specs=nano.specs -mfloat-abi=soft -mthumb -o "Core/Src/main.o"
arm-none-eabi-g++ -o "LoRa_E5_GPIO.elf" @"objects.list"   -mcpu=cortex-m4 -T"D:\Workspace\LoRA_Workspace\LoRa_E5_Mini\LoRa_E5_GPIO\STM32WLE5JCIX_FLASH.ld" --specs=nosys.specs -Wl,-Map="LoRa_E5_GPIO.map" -Wl,--gc-sections -static --specs=nano.specs -mfloat-abi=soft -mthumb -Wl,--start-group -lc -lm -lstdc++ -lsupc++ -Wl,--end-group
Finished building target: LoRa_E5_GPIO.elf
 
arm-none-eabi-size   LoRa_E5_GPIO.elf 
arm-none-eabi-objdump -h -S  LoRa_E5_GPIO.elf  > "LoRa_E5_GPIO.list"
arm-none-eabi-objcopy  -O binary  LoRa_E5_GPIO.elf  "LoRa_E5_GPIO.bin"
   text	   data	    bss	    dec	    hex	filename
   7524	     24	   1568	   9116	   239c	LoRa_E5_GPIO.elf
Finished building: default.size.stdout
 
Finished building: LoRa_E5_GPIO.bin
 
Finished building: LoRa_E5_GPIO.list
 

15:45:47 Build Finished. 0 errors, 0 warnings. (took 731ms)

